{"account_alias":"claude-01","account_id":"0a1b2c3d-4e5f-4a6b-8c7d-9e0f1a2b3c4d","captured_at":"2026-09-17T15:30:00.000Z","claude_code_version":null,"event_id":"evt-2","event_type":"heartbeat","five_hour_resets_at":null,"five_hour_status":"unknown","five_hour_used_percentage":null,"node_alias":"mac-mini-01","node_id":"6f1e2d3c-4b5a-4c6d-8e7f-9a0b1c2d3e4f","observer_version":"1.0.0","platform":"darwin","published_at":"2026-09-17T15:30:05.000Z","seven_day_resets_at":null,"seven_day_status":"unknown","seven_day_used_percentage":null,"source_type":"claude-code-statusline"}